archive   C:\Users\USER\Downloads\PostDoc\archive.zip  (16.7 GB)
members   7010
expands   16.7 GB
dest      C:\Users\USER\Downloads\PostDoc\Implimentation_Paper1\DATASET\FFPP_C23
free      41.0 GB  ->  24.3 GB after
[15:15:09]   100/7010    3.8%  646.9 MB  430 MB/s  eta 0.7 min
[15:15:11]   200/7010    8.0%  1.3 GB  423 MB/s  eta 0.7 min
[15:15:12]   300/7010   12.1%  2.0 GB  427 MB/s  eta 0.6 min
[15:15:13]   400/7010   14.9%  2.5 GB  427 MB/s  eta 0.6 min
[15:15:15]   500/7010   19.5%  3.3 GB  431 MB/s  eta 0.6 min
[15:15:17]   600/7010   24.1%  4.0 GB  433 MB/s  eta 0.5 min
[15:15:19]   700/7010   28.1%  4.7 GB  433 MB/s  eta 0.5 min
[15:15:20]   800/7010   32.2%  5.4 GB  433 MB/s  eta 0.5 min
[15:15:22]   900/7010   35.4%  5.9 GB  432 MB/s  eta 0.4 min
[15:15:23]  1000/7010   38.8%  6.5 GB  431 MB/s  eta 0.4 min
[15:15:24]  1100/7010   39.9%  6.7 GB  430 MB/s  eta 0.4 min
[15:15:24]  1200/7010   40.9%  6.8 GB  429 MB/s  eta 0.4 min
[15:15:25]  1300/7010   41.9%  7.0 GB  428 MB/s  eta 0.4 min
[15:15:25]  1400/7010   42.9%  7.2 GB  426 MB/s  eta 0.4 min
[15:15:26]  1500/7010   44.1%  7.4 GB  425 MB/s  eta 0.4 min
[15:15:26]  1600/7010   45.3%  7.6 GB  423 MB/s  eta 0.4 min
[15:15:27]  1700/7010   46.4%  7.7 GB  422 MB/s  eta 0.4 min
[15:15:27]  1800/7010   47.7%  8.0 GB  420 MB/s  eta 0.4 min
[15:15:28]  1900/7010   48.9%  8.2 GB  419 MB/s  eta 0.4 min
[15:15:29]  2000/7010   50.0%  8.3 GB  417 MB/s  eta 0.4 min
[15:15:29]  2100/7010   51.0%  8.5 GB  414 MB/s  eta 0.4 min
[15:15:30]  2200/7010   51.9%  8.7 GB  413 MB/s  eta 0.3 min
[15:15:30]  2300/7010   52.9%  8.8 GB  413 MB/s  eta 0.3 min
[15:15:31]  2400/7010   53.9%  9.0 GB  412 MB/s  eta 0.3 min
[15:15:32]  2500/7010   55.0%  9.2 GB  398 MB/s  eta 0.3 min
[15:15:32]  2600/7010   56.2%  9.4 GB  398 MB/s  eta 0.3 min
[15:15:33]  2700/7010   57.2%  9.6 GB  397 MB/s  eta 0.3 min
[15:15:34]  2800/7010   58.6%  9.8 GB  391 MB/s  eta 0.3 min
[15:15:35]  2900/7010   59.8%  10.0 GB  391 MB/s  eta 0.3 min
[15:15:35]  3000/7010   60.8%  10.2 GB  391 MB/s  eta 0.3 min
[15:15:36]  3100/7010   61.8%  10.3 GB  391 MB/s  eta 0.3 min
[15:15:36]  3200/7010   62.9%  10.5 GB  391 MB/s  eta 0.3 min
[15:15:36]  3300/7010   63.9%  10.7 GB  390 MB/s  eta 0.3 min
[15:15:37]  3400/7010   64.9%  10.8 GB  390 MB/s  eta 0.3 min
[15:15:38]  3500/7010   66.1%  11.0 GB  390 MB/s  eta 0.3 min
[15:15:38]  3600/7010   67.2%  11.2 GB  389 MB/s  eta 0.3 min
[15:15:39]  3700/7010   68.2%  11.4 GB  389 MB/s  eta 0.2 min
[15:15:39]  3800/7010   69.4%  11.6 GB  389 MB/s  eta 0.2 min
[15:15:40]  3900/7010   70.6%  11.8 GB  389 MB/s  eta 0.2 min
[15:15:40]  4000/7010   71.5%  11.9 GB  389 MB/s  eta 0.2 min
[15:15:42]  4100/7010   72.4%  12.1 GB  373 MB/s  eta 0.2 min
[15:15:42]  4200/7010   73.2%  12.2 GB  373 MB/s  eta 0.2 min
[15:15:44]  4300/7010   74.0%  12.4 GB  361 MB/s  eta 0.2 min
[15:15:44]  4400/7010   74.8%  12.5 GB  361 MB/s  eta 0.2 min
[15:15:45]  4500/7010   75.8%  12.7 GB  362 MB/s  eta 0.2 min
[15:15:45]  4600/7010   76.8%  12.8 GB  362 MB/s  eta 0.2 min
[15:15:46]  4700/7010   77.7%  13.0 GB  363 MB/s  eta 0.2 min
[15:15:46]  4800/7010   78.8%  13.2 GB  363 MB/s  eta 0.2 min
[15:15:47]  4900/7010   79.8%  13.3 GB  363 MB/s  eta 0.2 min
[15:15:47]  5000/7010   80.7%  13.5 GB  363 MB/s  eta 0.2 min
[15:15:47]  5100/7010   81.5%  13.6 GB  363 MB/s  eta 0.2 min
[15:15:48]  5200/7010   82.2%  13.7 GB  360 MB/s  eta 0.1 min
[15:15:48]  5300/7010   83.0%  13.9 GB  360 MB/s  eta 0.1 min
[15:15:49]  5400/7010   83.8%  14.0 GB  360 MB/s  eta 0.1 min
[15:15:49]  5500/7010   84.7%  14.1 GB  361 MB/s  eta 0.1 min
[15:15:50]  5600/7010   85.6%  14.3 GB  361 MB/s  eta 0.1 min
[15:15:50]  5700/7010   86.4%  14.4 GB  360 MB/s  eta 0.1 min
[15:15:51]  5800/7010   87.4%  14.6 GB  361 MB/s  eta 0.1 min
[15:15:51]  5900/7010   88.4%  14.7 GB  359 MB/s  eta 0.1 min
[15:15:52]  6000/7010   89.2%  14.9 GB  355 MB/s  eta 0.1 min
[15:15:53]  6100/7010   90.0%  15.0 GB  348 MB/s  eta 0.1 min
[15:15:55]  6200/7010   91.1%  15.2 GB  342 MB/s  eta 0.1 min
[15:15:56]  6300/7010   92.1%  15.4 GB  337 MB/s  eta 0.1 min
[15:15:57]  6400/7010   93.1%  15.5 GB  332 MB/s  eta 0.1 min
[15:15:59]  6500/7010   94.3%  15.7 GB  328 MB/s  eta 0.1 min
[15:16:01]  6600/7010   95.5%  15.9 GB  320 MB/s  eta 0.0 min
[15:16:02]  6700/7010   96.6%  16.1 GB  316 MB/s  eta 0.0 min
[15:16:03]  6800/7010   97.8%  16.3 GB  313 MB/s  eta 0.0 min
[15:16:04]  6900/7010   99.0%  16.5 GB  310 MB/s  eta 0.0 min
[15:16:06]  7000/7010   99.9%  16.7 GB  303 MB/s  eta 0.0 min
[15:16:06]  7010/7010  100.0%  16.7 GB  302 MB/s  eta 0.0 min

done in 1.0 min: 7010 written, 0 already present
on disk: 7000 mp4, 10 csv
EXITCODE=0 
