# [tidied] ffpp_shard0.log
# FF++ face-crop extraction shard 0 of 8: every 8th video starting at index 0, via ffpp_prepare.py --shard 0 --nshards 8.
# tidied 2026-08-08 05:06:34; 0 noise lines collapsed
#--------------------------------------------------------------------------
[15:38:34] cascade: haarcascade_frontalface_default.xml
[15:38:34] shard 1/8: 250 videos (original + Deepfakes)
[15:38:34] 32 frames each at 299px, margin 0.25
[15:38:34] split by identity: 720 train / 140 val / 140 test
[15:59:03]   50/250 videos  1600 crops  20.5 min  eta 81.9 min
[18:22:57] cascade: haarcascade_frontalface_default.xml
[18:22:57] shard 1/8: 250 videos (original + Deepfakes)
[18:22:57] 32 frames each at 299px, margin 0.25
[18:22:57] split by identity: 720 train / 140 val / 140 test
[18:23:05]   50/250 videos  1600 crops  0.1 min  eta 0.6 min
[18:45:31]   100/250 videos  3198 crops  22.6 min  eta 33.9 min
[19:18:59]   150/250 videos  4798 crops  56.0 min  eta 37.4 min
[20:11:41]   200/250 videos  6398 crops  108.7 min  eta 27.2 min
[21:07:24]   250/250 videos  7996 crops  164.5 min  eta 0.0 min
[21:07:39] 
counts
[21:07:39]   test/fake          544
[21:07:39]   test/real          544
[21:07:39]   train/fake        2880
[21:07:39]   train/real        2880
[21:07:39]   val/fake           574
[21:07:39]   val/real           574
[21:07:39] 
manifest_00.csv  7996 rows
[21:07:39] total 9882s
EXITCODE=0 
