# [tidied] ffpp_shard7.log
# FF++ face-crop extraction shard 7 of 8: every 8th video starting at index 7, via ffpp_prepare.py --shard 7 --nshards 8.
# tidied 2026-08-08 05:06:34; 0 noise lines collapsed
#--------------------------------------------------------------------------
[15:38:36] cascade: haarcascade_frontalface_default.xml
[15:38:36] shard 8/8: 250 videos (original + Deepfakes)
[15:38:36] 32 frames each at 299px, margin 0.25
[15:38:36] split by identity: 720 train / 140 val / 140 test
[16:01:40]   50/250 videos  1600 crops  23.1 min  eta 92.2 min
[18:22:57] cascade: haarcascade_frontalface_default.xml
[18:22:57] shard 8/8: 250 videos (original + Deepfakes)
[18:22:57] 32 frames each at 299px, margin 0.25
[18:22:57] split by identity: 720 train / 140 val / 140 test
[18:23:02]   50/250 videos  1600 crops  0.1 min  eta 0.3 min
[18:49:45]   100/250 videos  3200 crops  26.8 min  eta 40.2 min
[19:24:30]   150/250 videos  4800 crops  61.5 min  eta 41.0 min
[20:19:15]   200/250 videos  6398 crops  116.3 min  eta 29.1 min
[21:13:48]   250/250 videos  7998 crops  170.9 min  eta 0.0 min
[21:13:58] 
counts
[21:13:58]   test/fake          576
[21:13:58]   test/real          576
[21:13:58]   train/fake        2878
[21:13:58]   train/real        2880
[21:13:58]   val/fake           544
[21:13:58]   val/real           544
[21:13:58] 
manifest_07.csv  7998 rows
[21:13:58] total 10261s
EXITCODE=0 
