[15:38:35] cascade: haarcascade_frontalface_default.xml
[15:38:35] shard 7/8: 250 videos (original + Deepfakes)
[15:38:35] 32 frames each at 299px, margin 0.25
[15:38:35] split by identity: 720 train / 140 val / 140 test
[16:01:21]   50/250 videos  1600 crops  22.8 min  eta 91.1 min
[18:22:57] cascade: haarcascade_frontalface_default.xml
[18:22:57] shard 7/8: 250 videos (original + Deepfakes)
[18:22:57] 32 frames each at 299px, margin 0.25
[18:22:57] split by identity: 720 train / 140 val / 140 test
[18:23:04]   50/250 videos  1600 crops  0.1 min  eta 0.5 min
[18:52:18]   100/250 videos  3200 crops  29.4 min  eta 44.0 min
[19:30:22]   150/250 videos  4799 crops  67.4 min  eta 44.9 min
[20:26:35]   200/250 videos  6399 crops  123.6 min  eta 30.9 min
[21:16:11]   250/250 videos  7998 crops  173.2 min  eta 0.0 min
[21:16:14] 
counts
[21:16:14]   test/fake          576
[21:16:14]   test/real          576
[21:16:14]   train/fake        2879
[21:16:14]   train/real        2880
[21:16:14]   val/fake           544
[21:16:14]   val/real           543
[21:16:14] 
manifest_06.csv  7998 rows
[21:16:14] total 10397s
EXITCODE=0 
