[15:38:35] cascade: haarcascade_frontalface_default.xml
[15:38:35] shard 2/8: 250 videos (original + Deepfakes)
[15:38:35] 32 frames each at 299px, margin 0.25
[15:38:35] split by identity: 720 train / 140 val / 140 test
[16:02:13]   50/250 videos  1600 crops  23.6 min  eta 94.5 min
[18:22:57] cascade: haarcascade_frontalface_default.xml
[18:22:57] shard 2/8: 250 videos (original + Deepfakes)
[18:22:57] 32 frames each at 299px, margin 0.25
[18:22:57] split by identity: 720 train / 140 val / 140 test
[18:23:05]   50/250 videos  1600 crops  0.1 min  eta 0.5 min
[18:51:17]   100/250 videos  3197 crops  28.3 min  eta 42.5 min
[19:28:31]   150/250 videos  4797 crops  65.6 min  eta 43.7 min
[20:28:04]   200/250 videos  6392 crops  125.1 min  eta 31.3 min
[21:15:13]   250/250 videos  7990 crops  172.3 min  eta 0.0 min
[21:15:20] 
counts
[21:15:20]   test/fake          544
[21:15:20]   test/real          544
[21:15:20]   train/fake        2875
[21:15:20]   train/real        2877
[21:15:20]   val/fake           574
[21:15:20]   val/real           576
[21:15:20] 
manifest_01.csv  7990 rows
[21:15:20] total 10343s
EXITCODE=0 
