# [tidied] stil_tim.log
# STIL's Temporal Inconsistency Module (Gu et al., ACM MM 2021) on this feature tensor. TIM_Module and ISM_Module imported unmodified from Tencent/TFace 171ec143 - the two repos everyone cites for STIL contain no code and both redirect there. 26,696 parameters against SMA-CLMPNet's 2,258,534. Pooled out-of-fold balanced accuracy 50.49%, catching 6 of 21 forgeries; three of five folds checkpointed at epoch 1 or 3, so nothing after initialisation improved validation.
# tidied 2026-08-06 12:37:34; 0 noise lines collapsed
#--------------------------------------------------------------------------
[11:47:21] X (50, 10, 12, 128, 128)  y [29, 21]
[11:47:22] fold 0: 40 train / 10 test (test classes [5, 5])
[11:47:41]     fold 0 ep  10  loss 0.6395  inner-val bal  43.33  (best 66.67 @ep1)
[11:47:57]     fold 0 ep  20  loss 0.6364  inner-val bal  53.33  (best 66.67 @ep1)
[11:48:14]     fold 0 ep  30  loss 0.6472  inner-val bal  53.33  (best 66.67 @ep1)
[11:48:29]     fold 0 ep  40  loss 0.6185  inner-val bal  53.33  (best 66.67 @ep1)
[11:48:50]     fold 0 ep  50  loss 0.5837  inner-val bal  53.33  (best 66.67 @ep1)
[11:49:11]     fold 0 ep  60  loss 0.6244  inner-val bal  36.67  (best 66.67 @ep1)
[11:49:11]   fold 0 outer-test bal  50.00 (inner-val 66.67 @ep1)
[11:49:11] fold 1: 40 train / 10 test (test classes [6, 4])
[11:49:31]     fold 1 ep  10  loss 0.6326  inner-val bal  46.67  (best 50.00 @ep1)
[11:49:51]     fold 1 ep  20  loss 0.5919  inner-val bal  30.00  (best 50.00 @ep1)
[11:50:09]     fold 1 ep  30  loss 0.6042  inner-val bal  53.33  (best 53.33 @ep22)
[11:50:28]     fold 1 ep  40  loss 0.5793  inner-val bal  53.33  (best 53.33 @ep22)
[11:50:47]     fold 1 ep  50  loss 0.5770  inner-val bal  53.33  (best 53.33 @ep22)
[11:51:13]     fold 1 ep  60  loss 0.5228  inner-val bal  53.33  (best 53.33 @ep22)
[11:51:13]   fold 1 outer-test bal  54.17 (inner-val 53.33 @ep22)
[11:51:13] fold 2: 40 train / 10 test (test classes [6, 4])
[11:51:42]     fold 2 ep  10  loss 0.6604  inner-val bal  30.00  (best 50.00 @ep1)
[11:52:11]     fold 2 ep  20  loss 0.5734  inner-val bal  46.67  (best 50.00 @ep1)
[11:52:38]     fold 2 ep  30  loss 0.5850  inner-val bal  46.67  (best 50.00 @ep1)
[11:53:06]     fold 2 ep  40  loss 0.6151  inner-val bal  46.67  (best 50.00 @ep1)
[11:53:36]     fold 2 ep  50  loss 0.6270  inner-val bal  46.67  (best 50.00 @ep1)
[11:54:04]     fold 2 ep  60  loss 0.5514  inner-val bal  46.67  (best 50.00 @ep1)
[11:54:04]   fold 2 outer-test bal  50.00 (inner-val 50.00 @ep1)
[11:54:04] fold 3: 40 train / 10 test (test classes [6, 4])
[11:54:32]     fold 3 ep  10  loss 0.6825  inner-val bal  30.00  (best 50.00 @ep1)
[11:54:56]     fold 3 ep  20  loss 0.6708  inner-val bal  36.67  (best 50.00 @ep1)
[11:55:24]     fold 3 ep  30  loss 0.5906  inner-val bal  26.67  (best 50.00 @ep1)
[11:55:53]     fold 3 ep  40  loss 0.6341  inner-val bal  26.67  (best 50.00 @ep1)
[11:56:24]     fold 3 ep  50  loss 0.5859  inner-val bal  26.67  (best 50.00 @ep1)
[11:56:53]     fold 3 ep  60  loss 0.5936  inner-val bal  26.67  (best 50.00 @ep1)
[11:56:54]   fold 3 outer-test bal  50.00 (inner-val 50.00 @ep1)
[11:56:54] fold 4: 40 train / 10 test (test classes [6, 4])
[11:57:19]     fold 4 ep  10  loss 0.6714  inner-val bal  26.67  (best 60.00 @ep3)
[11:57:49]     fold 4 ep  20  loss 0.6243  inner-val bal  60.00  (best 60.00 @ep3)
[11:58:24]     fold 4 ep  30  loss 0.6296  inner-val bal  43.33  (best 60.00 @ep3)
[11:58:56]     fold 4 ep  40  loss 0.6168  inner-val bal  26.67  (best 60.00 @ep3)
[11:59:23]     fold 4 ep  50  loss 0.6310  inner-val bal  26.67  (best 60.00 @ep3)
[11:59:54]     fold 4 ep  60  loss 0.6075  inner-val bal  26.67  (best 60.00 @ep3)
[11:59:55]   fold 4 outer-test bal  54.17 (inner-val 60.00 @ep3)
[11:59:55] pooled out-of-fold balanced accuracy 50.49
[11:59:55] mean of per-fold balanced accuracies  51.67
[11:59:55] wrote oof_stil_tim.npz and oof_stil_tim.json in 754s
